// Jest Snapshot v1, https://goo.gl/fbAQLP

exports[`MenuView Test => Should render correctly 1`] = `
<Nav
  fill={false}
  justify={false}
>
  <Link
    className="nav-link"
    to="/bitcoin"
  >
    Bitcoin
  </Link>
  <Link
    className="nav-link"
    to="/fibonacci"
  >
    Fibonacci
  </Link>
</Nav>
`;
