// Jest Snapshot v1, https://goo.gl/fbAQLP

exports[`App renders learn react link 1`] = `
<Card
  title="ELCA APP - TORIL CASTILLO, MIGUEL"
>
  <BrowserRouter
    basename="/"
  >
    <MenuView />
    <Switch>
      <Route
        path="/fibonacci"
      >
        <FibonacciView />
      </Route>
      <Route
        path="/bitcoin"
      >
        <BitcoinView />
      </Route>
    </Switch>
    <Redirect
      to="/bitcoin"
    />
  </BrowserRouter>
</Card>
`;
